npx : [2m[WebServer] [22m(node:19852) 
[DEP_WEBPACK_DEV_SERVER_ON_AFTER_SETUP_MIDDLEWARE] DeprecationWarning: 
'onAfterSetupMiddleware' option is deprecated. Please use the 
'setupMiddlewares' option.
At line:1 char:1
+ npx playwright test tests/chat-live-flow.spec.js 2>&1 > test-output.t ...
+ ~~~~~~~~~~~~~~~~~~~~~~~~~~~~~~~~~~~~~~~~~~~~~~~~~~~~~~~~~~~~~~~~~~~~~
    + CategoryInfo          : NotSpecified: ([2m[WebServer]...ewares' option. 
   :String) [], RemoteException
    + FullyQualifiedErrorId : NativeCommandError
 
[2m[WebServer] [22m(Use `node --trace-deprecation ...` to show where the 
warning was created)
[2m[WebServer] [22m(node:19852) 
[DEP_WEBPACK_DEV_SERVER_ON_BEFORE_SETUP_MIDDLEWARE] DeprecationWarning: 
'onBeforeSetupMiddleware' option is deprecated. Please use the 
'setupMiddlewares' option.

Running 1 test using 1 worker

[FRONTEND] %cDownload the React DevTools for a better development experience: https://reactjs.org/link/react-devtools font-weight:bold
Γ£à Message sent
[FRONTEND] === BACKEND RESPONSE ===
[FRONTEND] Full data: {
  "status": "success",
  "trace_id": "f652ccd8-0faf-4b36-a9ad-700ec3d768de",
  "chat_message_id": "4115f750-cb7b-45b9-ac5e-c83c0cf99b83",
  "session_id": "1770657680394",
  "envelope": {
    "response_type": "artifact_bundle",
    "summary": "I can handle this: Research 'contact info' across multiple sources\nHereΓÇÖs the plan in plain terms: IΓÇÖll gather the information, summarize it, and format it for the outcome you want.\nTell me how you want to use the result (summary, report, business plan, landing page, or something else), or say 'approve' to proceed.",
    "missions_spawned": [
      {
        "mission_id": "mission_1770657683084270",
        "status": "proposed",
        "objective_type": "research",
        "objective_description": "Research 'contact info' across multiple sources"
      }
    ],
    "signals_emitted": 0,
    "artifacts": [
      {
        "artifact_type": "mission_draft",
        "title": "Mission Proposal"
      }
    ],
    "live_stream_id": null
  },
  "response_engine": {
    "response_id": "resp_5956d4079006",
    "mission_id": "1770657680394",
    "status": "pending",
    "created_at": "2026-02-09T17:21:23.978758",
    "cached_at": null,
    "expires_at": null,
    "primary_content": "Hey! I can handle this: Research 'contact info' across multiple sources\nHereΓÇÖs the plan in plain terms: IΓÇÖll gather the information, summarize it, and format it for the outcome you want.\nTell me how you want to use the result (summary, report, business plan, landing page, or something else), or say 'approve' to proceed. Want me to refine it?",
    "content_items": [
      {
        "content_id": "content_dcc8708566db",
        "response_type": "document",
        "mission_id": "1770657680394",
        "created_at": "2026-02-09T17:21:23.978758",
        "modified_at": null,
        "cached_at": null,
        "last_accessed_at": null,
        "content_status": "draft",
        "title": "Mission Proposal",
        "description": "Artifact: mission_draft",
        "version": 1,
        "language": null,
        "mime_type": null,
        "content_size_bytes": null,
        "content_hash": null,
        "tags": [],
        "audience": null,
        "sensitivity": null,
        "available_formats": [
          "markdown"
        ],
        "preferred_format": "markdown",
        "depends_on": [],
        "generated_by": null,
        "lineage": {},
        "source_refs": [],
        "executed": false,
        "execution_result": null,
        "execution_error": null,
        "execution_time_ms": null,
        "requires_approval": false,
        "approved": false,
        "approved_at": null,
        "approval_notes": null,
        "approval_status": "pending",
        "approval_history": [],
        "cache_ttl_seconds": null,
        "expires_at": null,
        "retention_policy": null,
        "audit_trail": [],
        "quality_checks": {},
        "validation_errors": [],
        "custom_metadata": {
          "content": "Mission Proposal"
        }
      }
    ],
    "output_channels": [
      "text"
    ],
    "target_format": "markdown",
    "interactive_elements": [
      {
        "element_type": "button",
        "element_id": "approve_mission_1770657683084270",
        "created_at": "2026-02-09T17:21:23.978758",
        "label": "Approve mission_1770657683084270",
        "action": "approve_mission",
        "payload": {
          "mission_id": "mission_1770657683084270"
        },
        "style": "primary"
      }
    ],
    "requires_approval": true,
    "approved_by": null,
    "approved_at": null,
    "approval_reason": "Mission approval required",
    "approval_status": "pending",
    "approval_history": [],
    "confidence_score": null,
    "completeness_score": null,
    "error_recovery_attempts": 0,
    "last_error": null,
    "last_error_at": null,
    "error_history": [],
    "recovery_actions": []
  },
  "response_engine_format": "# Response: resp_5956d4079006\n\n## Metadata\n- **Status**: pending\n- **Mission**: 1770657680394\n- **Created**: 2026-02-09T17:21:23.978758\n\n## Content\nI can handle this: Research 'contact info' across multiple sources\nHereΓÇÖs the plan in plain terms: IΓÇÖll gather the information, summarize it, and format it for the outcome you want.\nTell me how you want to use the result (summary, report, business plan, landing page, or something else), or say 'approve' to proceed.\n\n## Detailed Content\n### Mission Proposal\nArtifact: mission_draft\n\n## Approval Required\n- **Status**: Pending\n\n## Actions\n- **Approve mission_1770657683084270** (action: approve_mission)\n"
}
[FRONTEND] Status: success
[FRONTEND] Envelope: {response_type: artifact_bundle, summary: I can handle this: Research 'contact info' across ΓÇª or something else), or say 'approve' to proceed., missions_spawned: Array(1), signals_emitted: 0, artifacts: Array(1)}
[FRONTEND] Summary: I can handle this: Research 'contact info' across multiple sources
HereΓÇÖs the plan in plain terms: IΓÇÖll gather the information, summarize it, and format it for the outcome you want.
Tell me how you want to use the result (summary, report, business plan, landing page, or something else), or say 'approve' to proceed.
[FRONTEND] =======================
[FRONTEND] [processMessage] About to check data.status and data.envelope
[FRONTEND] [processMessage] data.status: success data.envelope exists: true
[FRONTEND] [processMessage] Condition passed, calling addMessage with summary
[FRONTEND] [processMessage] responseText: Hey! I can handle this: Research 'contact info' ac
Γ£à Got agent response with "I can handle this:"
Γ£à Approve button found. Message count before: 3
Γ£à Approve button clicked
Γ£à Mission Visualizer appeared
Γ£à Mission Visualizer title visible
Γ£à Mission status: closed
Γ£à Waited 3 seconds for events
Γ£à Preview content: Waiting for live dataΓÇª
Γ£à Progress bar visible: false
  Γ£ô  1 [chromium] ΓÇ║ tests\chat-live-flow.spec.js:3:1 ΓÇ║ chat approval flow streams live mission - WITH CONSOLE LOGS (9.0s)

  1 passed (15.2s)

To open last HTML report run:
[36m[39m
[36m  npx playwright show-report[39m
[36m[39m
