python : Traceback (most recent call last):
At line:1 char:1
+ python test_execution_invariants.py 2>&1 | Tee-Object -FilePath test_ ...
+ ~~~~~~~~~~~~~~~~~~~~~~~~~~~~~~~~~~~~~~~~
    + CategoryInfo          : NotSpecified: (Traceback (most recent call last) 
   ::String) [], RemoteException
    + FullyQualifiedErrorId : NativeCommandError
 
  File "C:\Users\micha\AppData\Local\Programs\Python\Python311\Lib\site-package
s\urllib3\connection.py", line 204, in _new_conn
    sock = connection.create_connection(
           ^^^^^^^^^^^^^^^^^^^^^^^^^^^^^
  File "C:\Users\micha\AppData\Local\Programs\Python\Python311\Lib\site-package
s\urllib3\util\connection.py", line 85, in create_connection
    raise err
  File "C:\Users\micha\AppData\Local\Programs\Python\Python311\Lib\site-package
s\urllib3\util\connection.py", line 73, in create_connection
    sock.connect(sa)
ConnectionRefusedError: [WinError 10061] No connection could be made because 
the target machine actively refused it

The above exception was the direct cause of the following exception:

Traceback (most recent call last):
  File "C:\Users\micha\AppData\Local\Programs\Python\Python311\Lib\site-package
s\urllib3\connectionpool.py", line 787, in urlopen
    response = self._make_request(
               ^^^^^^^^^^^^^^^^^^^
  File "C:\Users\micha\AppData\Local\Programs\Python\Python311\Lib\site-package
s\urllib3\connectionpool.py", line 493, in _make_request
    conn.request(
  File "C:\Users\micha\AppData\Local\Programs\Python\Python311\Lib\site-package
s\urllib3\connection.py", line 500, in request
    self.endheaders()
  File 
"C:\Users\micha\AppData\Local\Programs\Python\Python311\Lib\http\client.py", 
line 1298, in endheaders
    self._send_output(message_body, encode_chunked=encode_chunked)
  File 
"C:\Users\micha\AppData\Local\Programs\Python\Python311\Lib\http\client.py", 
line 1058, in _send_output
    self.send(msg)
  File 
"C:\Users\micha\AppData\Local\Programs\Python\Python311\Lib\http\client.py", 
line 996, in send
    self.connect()
  File "C:\Users\micha\AppData\Local\Programs\Python\Python311\Lib\site-package
s\urllib3\connection.py", line 331, in connect
    self.sock = self._new_conn()
                ^^^^^^^^^^^^^^^^
  File "C:\Users\micha\AppData\Local\Programs\Python\Python311\Lib\site-package
s\urllib3\connection.py", line 219, in _new_conn
    raise NewConnectionError(
urllib3.exceptions.NewConnectionError: HTTPConnection(host='127.0.0.1', 
port=8000): Failed to establish a new connection: [WinError 10061] No 
connection could be made because the target machine actively refused it

The above exception was the direct cause of the following exception:

Traceback (most recent call last):
  File "C:\Users\micha\AppData\Local\Programs\Python\Python311\Lib\site-package
s\requests\adapters.py", line 644, in send
    resp = conn.urlopen(
           ^^^^^^^^^^^^^
  File "C:\Users\micha\AppData\Local\Programs\Python\Python311\Lib\site-package
s\urllib3\connectionpool.py", line 841, in urlopen
    retries = retries.increment(
              ^^^^^^^^^^^^^^^^^^
  File "C:\Users\micha\AppData\Local\Programs\Python\Python311\Lib\site-package
s\urllib3\util\retry.py", line 535, in increment
    raise MaxRetryError(_pool, url, reason) from reason  # type: 
ignore[arg-type]
    ^^^^^^^^^^^^^^^^^^^^^^^^^^^^^^^^^^^^^^^^^^^^^^^^^^^
urllib3.exceptions.MaxRetryError: HTTPConnectionPool(host='127.0.0.1', 
port=8000): Max retries exceeded with url: /chat/integrated (Caused by 
NewConnectionError("HTTPConnection(host='127.0.0.1', port=8000): Failed to 
establish a new connection: [WinError 10061] No connection could be made 
because the target machine actively refused it"))

During handling of the above exception, another exception occurred:

Traceback (most recent call last):
  File "C:\Users\micha\Buddy\test_execution_invariants.py", line 313, in main
    result1 = test_proposed_no_execution()
              ^^^^^^^^^^^^^^^^^^^^^^^^^^^^
  File "C:\Users\micha\Buddy\test_execution_invariants.py", line 99, in 
test_proposed_no_execution
    mission_id = create_mission("Calculate the sum of 100 and 50")
                 ^^^^^^^^^^^^^^^^^^^^^^^^^^^^^^^^^^^^^^^^^^^^^^^^^
  File "C:\Users\micha\Buddy\test_execution_invariants.py", line 49, in 
create_mission
    response = requests.post(f"{BASE_URL}/chat/integrated", json=payload, 
timeout=10)
               
^^^^^^^^^^^^^^^^^^^^^^^^^^^^^^^^^^^^^^^^^^^^^^^^^^^^^^^^^^^^^^^^^^^^^^
  File "C:\Users\micha\AppData\Local\Programs\Python\Python311\Lib\site-package
s\requests\api.py", line 115, in post
    return request("post", url, data=data, json=json, **kwargs)
           ^^^^^^^^^^^^^^^^^^^^^^^^^^^^^^^^^^^^^^^^^^^^^^^^^^^^
  File "C:\Users\micha\AppData\Local\Programs\Python\Python311\Lib\site-package
s\requests\api.py", line 59, in request
    return session.request(method=method, url=url, **kwargs)
           ^^^^^^^^^^^^^^^^^^^^^^^^^^^^^^^^^^^^^^^^^^^^^^^^^
  File "C:\Users\micha\AppData\Local\Programs\Python\Python311\Lib\site-package
s\requests\sessions.py", line 589, in request
    resp = self.send(prep, **send_kwargs)
           ^^^^^^^^^^^^^^^^^^^^^^^^^^^^^^
  File "C:\Users\micha\AppData\Local\Programs\Python\Python311\Lib\site-package
s\requests\sessions.py", line 703, in send
    r = adapter.send(request, **kwargs)
        ^^^^^^^^^^^^^^^^^^^^^^^^^^^^^^^
  File "C:\Users\micha\AppData\Local\Programs\Python\Python311\Lib\site-package
s\requests\adapters.py", line 677, in send
    raise ConnectionError(e, request=request)
requests.exceptions.ConnectionError: HTTPConnectionPool(host='127.0.0.1', 
port=8000): Max retries exceeded with url: /chat/integrated (Caused by 
NewConnectionError("HTTPConnection(host='127.0.0.1', port=8000): Failed to 
establish a new connection: [WinError 10061] No connection could be made 
because the target machine actively refused it"))
Traceback (most recent call last):
  File "C:\Users\micha\AppData\Local\Programs\Python\Python311\Lib\site-package
s\urllib3\connection.py", line 204, in _new_conn
    sock = connection.create_connection(
           ^^^^^^^^^^^^^^^^^^^^^^^^^^^^^
  File "C:\Users\micha\AppData\Local\Programs\Python\Python311\Lib\site-package
s\urllib3\util\connection.py", line 85, in create_connection
    raise err
  File "C:\Users\micha\AppData\Local\Programs\Python\Python311\Lib\site-package
s\urllib3\util\connection.py", line 73, in create_connection
    sock.connect(sa)
ConnectionRefusedError: [WinError 10061] No connection could be made because 
the target machine actively refused it

The above exception was the direct cause of the following exception:

Traceback (most recent call last):
  File "C:\Users\micha\AppData\Local\Programs\Python\Python311\Lib\site-package
s\urllib3\connectionpool.py", line 787, in urlopen
    response = self._make_request(
               ^^^^^^^^^^^^^^^^^^^
  File "C:\Users\micha\AppData\Local\Programs\Python\Python311\Lib\site-package
s\urllib3\connectionpool.py", line 493, in _make_request
    conn.request(
  File "C:\Users\micha\AppData\Local\Programs\Python\Python311\Lib\site-package
s\urllib3\connection.py", line 500, in request
    self.endheaders()
  File 
"C:\Users\micha\AppData\Local\Programs\Python\Python311\Lib\http\client.py", 
line 1298, in endheaders
    self._send_output(message_body, encode_chunked=encode_chunked)
  File 
"C:\Users\micha\AppData\Local\Programs\Python\Python311\Lib\http\client.py", 
line 1058, in _send_output
    self.send(msg)
  File 
"C:\Users\micha\AppData\Local\Programs\Python\Python311\Lib\http\client.py", 
line 996, in send
    self.connect()
  File "C:\Users\micha\AppData\Local\Programs\Python\Python311\Lib\site-package
s\urllib3\connection.py", line 331, in connect
    self.sock = self._new_conn()
                ^^^^^^^^^^^^^^^^
  File "C:\Users\micha\AppData\Local\Programs\Python\Python311\Lib\site-package
s\urllib3\connection.py", line 219, in _new_conn
    raise NewConnectionError(
urllib3.exceptions.NewConnectionError: HTTPConnection(host='127.0.0.1', 
port=8000): Failed to establish a new connection: [WinError 10061] No 
connection could be made because the target machine actively refused it

The above exception was the direct cause of the following exception:

Traceback (most recent call last):
  File "C:\Users\micha\AppData\Local\Programs\Python\Python311\Lib\site-package
s\requests\adapters.py", line 644, in send
    resp = conn.urlopen(
           ^^^^^^^^^^^^^
  File "C:\Users\micha\AppData\Local\Programs\Python\Python311\Lib\site-package
s\urllib3\connectionpool.py", line 841, in urlopen
    retries = retries.increment(
              ^^^^^^^^^^^^^^^^^^
  File "C:\Users\micha\AppData\Local\Programs\Python\Python311\Lib\site-package
s\urllib3\util\retry.py", line 535, in increment
    raise MaxRetryError(_pool, url, reason) from reason  # type: 
ignore[arg-type]
    ^^^^^^^^^^^^^^^^^^^^^^^^^^^^^^^^^^^^^^^^^^^^^^^^^^^
urllib3.exceptions.MaxRetryError: HTTPConnectionPool(host='127.0.0.1', 
port=8000): Max retries exceeded with url: /chat/integrated (Caused by 
NewConnectionError("HTTPConnection(host='127.0.0.1', port=8000): Failed to 
establish a new connection: [WinError 10061] No connection could be made 
because the target machine actively refused it"))

During handling of the above exception, another exception occurred:

Traceback (most recent call last):
  File "C:\Users\micha\Buddy\test_execution_invariants.py", line 323, in main
    result2 = test_approved_single_execution()
              ^^^^^^^^^^^^^^^^^^^^^^^^^^^^^^^^
  File "C:\Users\micha\Buddy\test_execution_invariants.py", line 162, in 
test_approved_single_execution
    mission_id = create_mission("Extract customer information from 
linkedin.com")
                 
^^^^^^^^^^^^^^^^^^^^^^^^^^^^^^^^^^^^^^^^^^^^^^^^^^^^^^^^^^^^^^^^
  File "C:\Users\micha\Buddy\test_execution_invariants.py", line 49, in 
create_mission
    response = requests.post(f"{BASE_URL}/chat/integrated", json=payload, 
timeout=10)
               
^^^^^^^^^^^^^^^^^^^^^^^^^^^^^^^^^^^^^^^^^^^^^^^^^^^^^^^^^^^^^^^^^^^^^^
  File "C:\Users\micha\AppData\Local\Programs\Python\Python311\Lib\site-package
s\requests\api.py", line 115, in post
    return request("post", url, data=data, json=json, **kwargs)
           ^^^^^^^^^^^^^^^^^^^^^^^^^^^^^^^^^^^^^^^^^^^^^^^^^^^^
  File "C:\Users\micha\AppData\Local\Programs\Python\Python311\Lib\site-package
s\requests\api.py", line 59, in request
    return session.request(method=method, url=url, **kwargs)
           ^^^^^^^^^^^^^^^^^^^^^^^^^^^^^^^^^^^^^^^^^^^^^^^^^
  File "C:\Users\micha\AppData\Local\Programs\Python\Python311\Lib\site-package
s\requests\sessions.py", line 589, in request
    resp = self.send(prep, **send_kwargs)
           ^^^^^^^^^^^^^^^^^^^^^^^^^^^^^^
  File "C:\Users\micha\AppData\Local\Programs\Python\Python311\Lib\site-package
s\requests\sessions.py", line 703, in send
    r = adapter.send(request, **kwargs)
        ^^^^^^^^^^^^^^^^^^^^^^^^^^^^^^^
  File "C:\Users\micha\AppData\Local\Programs\Python\Python311\Lib\site-package
s\requests\adapters.py", line 677, in send
    raise ConnectionError(e, request=request)
requests.exceptions.ConnectionError: HTTPConnectionPool(host='127.0.0.1', 
port=8000): Max retries exceeded with url: /chat/integrated (Caused by 
NewConnectionError("HTTPConnection(host='127.0.0.1', port=8000): Failed to 
establish a new connection: [WinError 10061] No connection could be made 
because the target machine actively refused it"))
Traceback (most recent call last):
  File "C:\Users\micha\AppData\Local\Programs\Python\Python311\Lib\site-package
s\urllib3\connection.py", line 204, in _new_conn
    sock = connection.create_connection(
           ^^^^^^^^^^^^^^^^^^^^^^^^^^^^^
  File "C:\Users\micha\AppData\Local\Programs\Python\Python311\Lib\site-package
s\urllib3\util\connection.py", line 85, in create_connection
    raise err
  File "C:\Users\micha\AppData\Local\Programs\Python\Python311\Lib\site-package
s\urllib3\util\connection.py", line 73, in create_connection
    sock.connect(sa)
ConnectionRefusedError: [WinError 10061] No connection could be made because 
the target machine actively refused it

The above exception was the direct cause of the following exception:

Traceback (most recent call last):
  File "C:\Users\micha\AppData\Local\Programs\Python\Python311\Lib\site-package
s\urllib3\connectionpool.py", line 787, in urlopen
    response = self._make_request(
               ^^^^^^^^^^^^^^^^^^^
  File "C:\Users\micha\AppData\Local\Programs\Python\Python311\Lib\site-package
s\urllib3\connectionpool.py", line 493, in _make_request
    conn.request(
  File "C:\Users\micha\AppData\Local\Programs\Python\Python311\Lib\site-package
s\urllib3\connection.py", line 500, in request
    self.endheaders()
  File 
"C:\Users\micha\AppData\Local\Programs\Python\Python311\Lib\http\client.py", 
line 1298, in endheaders
    self._send_output(message_body, encode_chunked=encode_chunked)
  File 
"C:\Users\micha\AppData\Local\Programs\Python\Python311\Lib\http\client.py", 
line 1058, in _send_output
    self.send(msg)
  File 
"C:\Users\micha\AppData\Local\Programs\Python\Python311\Lib\http\client.py", 
line 996, in send
    self.connect()
  File "C:\Users\micha\AppData\Local\Programs\Python\Python311\Lib\site-package
s\urllib3\connection.py", line 331, in connect
    self.sock = self._new_conn()
                ^^^^^^^^^^^^^^^^
  File "C:\Users\micha\AppData\Local\Programs\Python\Python311\Lib\site-package
s\urllib3\connection.py", line 219, in _new_conn
    raise NewConnectionError(
urllib3.exceptions.NewConnectionError: HTTPConnection(host='127.0.0.1', 
port=8000): Failed to establish a new connection: [WinError 10061] No 
connection could be made because the target machine actively refused it

The above exception was the direct cause of the following exception:

Traceback (most recent call last):
  File "C:\Users\micha\AppData\Local\Programs\Python\Python311\Lib\site-package
s\requests\adapters.py", line 644, in send
    resp = conn.urlopen(
           ^^^^^^^^^^^^^
  File "C:\Users\micha\AppData\Local\Programs\Python\Python311\Lib\site-package
s\urllib3\connectionpool.py", line 841, in urlopen
    retries = retries.increment(
              ^^^^^^^^^^^^^^^^^^
  File "C:\Users\micha\AppData\Local\Programs\Python\Python311\Lib\site-package
s\urllib3\util\retry.py", line 535, in increment
    raise MaxRetryError(_pool, url, reason) from reason  # type: 
ignore[arg-type]
    ^^^^^^^^^^^^^^^^^^^^^^^^^^^^^^^^^^^^^^^^^^^^^^^^^^^
urllib3.exceptions.MaxRetryError: HTTPConnectionPool(host='127.0.0.1', 
port=8000): Max retries exceeded with url: /chat/integrated (Caused by 
NewConnectionError("HTTPConnection(host='127.0.0.1', port=8000): Failed to 
establish a new connection: [WinError 10061] No connection could be made 
because the target machine actively refused it"))

During handling of the above exception, another exception occurred:

Traceback (most recent call last):
  File "C:\Users\micha\Buddy\test_execution_invariants.py", line 333, in main
    result3 = test_no_reexecution()
              ^^^^^^^^^^^^^^^^^^^^^
  File "C:\Users\micha\Buddy\test_execution_invariants.py", line 247, in 
test_no_reexecution
    mission_id = create_mission("What is 42 * 2?")
                 ^^^^^^^^^^^^^^^^^^^^^^^^^^^^^^^^^
  File "C:\Users\micha\Buddy\test_execution_invariants.py", line 49, in 
create_mission
    response = requests.post(f"{BASE_URL}/chat/integrated", json=payload, 
timeout=10)
               
^^^^^^^^^^^^^^^^^^^^^^^^^^^^^^^^^^^^^^^^^^^^^^^^^^^^^^^^^^^^^^^^^^^^^^
  File "C:\Users\micha\AppData\Local\Programs\Python\Python311\Lib\site-package
s\requests\api.py", line 115, in post
    return request("post", url, data=data, json=json, **kwargs)
           ^^^^^^^^^^^^^^^^^^^^^^^^^^^^^^^^^^^^^^^^^^^^^^^^^^^^
  File "C:\Users\micha\AppData\Local\Programs\Python\Python311\Lib\site-package
s\requests\api.py", line 59, in request
    return session.request(method=method, url=url, **kwargs)
           ^^^^^^^^^^^^^^^^^^^^^^^^^^^^^^^^^^^^^^^^^^^^^^^^^
  File "C:\Users\micha\AppData\Local\Programs\Python\Python311\Lib\site-package
s\requests\sessions.py", line 589, in request
    resp = self.send(prep, **send_kwargs)
           ^^^^^^^^^^^^^^^^^^^^^^^^^^^^^^
  File "C:\Users\micha\AppData\Local\Programs\Python\Python311\Lib\site-package
s\requests\sessions.py", line 703, in send
    r = adapter.send(request, **kwargs)
        ^^^^^^^^^^^^^^^^^^^^^^^^^^^^^^^
  File "C:\Users\micha\AppData\Local\Programs\Python\Python311\Lib\site-package
s\requests\adapters.py", line 677, in send
    raise ConnectionError(e, request=request)
requests.exceptions.ConnectionError: HTTPConnectionPool(host='127.0.0.1', 
port=8000): Max retries exceeded with url: /chat/integrated (Caused by 
NewConnectionError("HTTPConnection(host='127.0.0.1', port=8000): Failed to 
establish a new connection: [WinError 10061] No connection could be made 
because the target machine actively refused it"))

================================================================================
  EXECUTION INVARIANT TEST SUITE
================================================================================
Verifying approval-gated execution with zero side effects

Waiting for backend to be ready...

================================================================================
  INVARIANT 1: Proposed Missions Do Not Execute
================================================================================

[Step 1] Creating mission (proposed state)...

[ERROR] Invariant 1 test crashed: HTTPConnectionPool(host='127.0.0.1', port=8000): Max retries exceeded with url: /chat/integrated (Caused by NewConnectionError("HTTPConnection(host='127.0.0.1', port=8000): Failed to establish a new connection: [WinError 10061] No connection could be made because the target machine actively refused it"))

================================================================================
  INVARIANT 2: Approved Missions Execute Exactly Once
================================================================================

[Step 1] Creating mission...

[ERROR] Invariant 2 test crashed: HTTPConnectionPool(host='127.0.0.1', port=8000): Max retries exceeded with url: /chat/integrated (Caused by NewConnectionError("HTTPConnection(host='127.0.0.1', port=8000): Failed to establish a new connection: [WinError 10061] No connection could be made because the target machine actively refused it"))

================================================================================
  INVARIANT 3: Execution Does Not Re-Run
================================================================================

[Step 1] Creating and approving mission...

[ERROR] Invariant 3 test crashed: HTTPConnectionPool(host='127.0.0.1', port=8000): Max retries exceeded with url: /chat/integrated (Caused by NewConnectionError("HTTPConnection(host='127.0.0.1', port=8000): Failed to establish a new connection: [WinError 10061] No connection could be made because the target machine actively refused it"))

================================================================================
  TEST SUITE SUMMARY
================================================================================
Traceback (most recent call last):
  File "C:\Users\micha\Buddy\test_execution_invariants.py", line 361, in 
<module>
    exit_code = main()
                ^^^^^^
  File "C:\Users\micha\Buddy\test_execution_invariants.py", line 343, in main
    print(f"\nInvariant 1 (Proposed \u2192 No Execution): {'PASS' if result1 
else 'FAIL'}")
                                                                ^^^^^^^
UnboundLocalError: cannot access local variable 'result1' where it is not 
associated with a value
